#
# A fatal error has been detected by the Java Runtime Environment:
#
#  EXCEPTION_ACCESS_VIOLATION (0xc0000005) at pc=0x00007ffc3dc326c4, pid=9452, tid=864
#
# JRE version: OpenJDK Runtime Environment (24.0+36) (build 24+36-3646)
# Java VM: OpenJDK 64-Bit Server VM (24+36-3646, mixed mode, sharing, tiered, compressed oops, compressed class ptrs, g1 gc, windows-amd64)
# Problematic frame:
# C  [libasyncProfiler.dll+0x926c4]
#
# No core dump will be written. Minidumps are not enabled by default on client versions of Windows
#
# JFR recording file will be written. Location: C:\Users\Lenovo\Documents\ABHI\TextGame\hs_err_pid9452.jfr
#
# If you would like to submit a bug report, please visit:
#   https://bugreport.java.com/bugreport/crash.jsp
# The crash happened outside the Java Virtual Machine in native code.
# See problematic frame for where to report the bug.
#

---------------  S U M M A R Y ------------

Command Line: -javaagent:C:\Users\Lenovo\Documents\ABHI\IntelliJ IDEA 2025.1\lib\idea_rt.jar=58620 -Dfile.encoding=UTF-8 -Dsun.stdout.encoding=UTF-8 -Dsun.stderr.encoding=UTF-8 com.cognifyz.TextBasedGame

Host: Intel(R) Core(TM) i3-3120M CPU @ 2.50GHz, 4 cores, 7G,  Windows 10 , 64 bit Build 19041 (10.0.19041.5678)
Time: Fri Apr 18 00:35:21 2025 India Standard Time elapsed time: 376.831233 seconds (0d 0h 6m 16s)

---------------  T H R E A D  ---------------

Current thread (0x000001feb0eedcf0):  JavaThread "Attach Listener" daemon [_thread_in_native, id=864, stack(0x0000008118400000,0x0000008118500000) (1024K)]

Stack: [0x0000008118400000,0x0000008118500000],  sp=0x00000081184ff2e0,  free space=1020k
Native frames: (J=compiled Java code, j=interpreted, Vv=VM code, C=native code)
C  [libasyncProfiler.dll+0x926c4]  (no source info available)
C  [libasyncProfiler.dll+0x92b9b]  (no source info available)
C  [libasyncProfiler.dll+0x917f4]  (no source info available)
C  [libasyncProfiler.dll+0x9206a]  (no source info available)
C  [libasyncProfiler.dll+0x8cc21]  (no source info available)
C  [libasyncProfiler.dll+0x7e5e1]  (no source info available)
C  [libasyncProfiler.dll+0x7d2f8]  (no source info available)
C  [libasyncProfiler.dll+0x7d1e0]  (no source info available)
C  [libasyncProfiler.dll+0x841b9]  (no source info available)
V  [jvm.dll+0x57f1b7]  (no source info available)
V  [jvm.dll+0x57ff2c]  (no source info available)
V  [jvm.dll+0x14c9b7]  (no source info available)
V  [jvm.dll+0x14df81]  (no source info available)
V  [jvm.dll+0x42f566]  (no source info available)
V  [jvm.dll+0x87d8fb]  (no source info available)
V  [jvm.dll+0x72efe5]  (no source info available)
C  [ucrtbase.dll+0x21bb2]  (no source info available)
C  [KERNEL32.DLL+0x17374]  (no source info available)
C  [ntdll.dll+0x4cc91]  (no source info available)


siginfo: EXCEPTION_ACCESS_VIOLATION (0xc0000005), reading address 0xffffffffffffffff


Registers:
RAX=0x0000000000000010, RBX=0x0000000000000000, RCX=0xffffffffffffffff, RDX=0x007ffc311d2ff010
RSP=0x00000081184ff2e0, RBP=0x000001fef69d60c0, RSI=0x00000081184ff450, RDI=0x000001fef69d60c0
R8 =0x0000000000000042, R9 =0x000000008801cab8, R10=0x00007ffc31449fc0, R11=0x0000000000000004
R12=0x00000081184ff450, R13=0x000001fef6d82a00, R14=0x000001feb0eee0b8, R15=0x000001feb0eee0b8
RIP=0x00007ffc3dc326c4, EFLAGS=0x0000000000010202

XMM[0]=0x0000000000000000 0x0000000000000000
XMM[1]=0x0000000000000000 0x0000000000000000
XMM[2]=0x0000000000000000 0x0000000000000000
XMM[3]=0x0000000000000000 0x0000000000000000
XMM[4]=0x0000000000000000 0x0000000000000000
XMM[5]=0x0000000000000000 0x0000000000000000
XMM[6]=0x0000000000000000 0x0000000000000000
XMM[7]=0x0000000000000000 0x0000000000000000
XMM[8]=0x0000000000000000 0x0000000000000000
XMM[9]=0x0000000000000000 0x0000000000000000
XMM[10]=0x0000000000000000 0x0000000000000000
XMM[11]=0x0000000000000000 0x0000000000000000
XMM[12]=0x0000000000000000 0x0000000000000000
XMM[13]=0x0000000000000000 0x0000000000000000
XMM[14]=0x0000000000000000 0x0000000000000000
XMM[15]=0x0000000000000000 0x0000000000000000
  MXCSR=0x00001fa0


Register to memory mapping:

RAX=0x0000000000000010 is an unknown value
RBX=0x0 is null
RCX=0xffffffffffffffff is an unknown value
RDX=0x007ffc311d2ff010 is an unknown value
RSP=0x00000081184ff2e0 is pointing into the stack for thread: 0x000001feb0eedcf0
RBP=0x000001fef69d60c0 points into unknown readable memory: 0x000000008801cab8 | b8 ca 01 88 00 00 00 00
RSI=0x00000081184ff450 is pointing into the stack for thread: 0x000001feb0eedcf0
RDI=0x000001fef69d60c0 points into unknown readable memory: 0x000000008801cab8 | b8 ca 01 88 00 00 00 00
R8 =0x0000000000000042 is an unknown value
R9 =0x000000008801cab8 is an oop: java.lang.Thread 
{0x000000008801cab8} - klass: 'java/lang/Thread' - flags: 

 - ---- fields (total size 14 words):
 - 'threadLocalRandomProbe' 'I' @12  -1575449550 (0xa2188c32)
 - private volatile 'eetop' 'J' @16  2192925783904 (0x000001fe948ff760)
 - private final 'tid' 'J' @24  3 (0x0000000000000003)
 - 'threadLocalRandomSeed' 'J' @32  -4560728842720346488 (0xc0b5094804c67e88)
 - injected 'jvmti_thread_state' 'J' @40  2194573137232 (0x000001fef6c09550)
 - 'threadLocalRandomSecondarySeed' 'I' @48  0 (0x00000000)
 - injected 'jvmti_VTMS_transition_disable_count' 'I' @52  0 (0x00000000)
 - injected 'jfr_epoch' 'S' @56  0 (0x0000)
 - volatile 'interrupted' 'Z' @58  false (0x00)
 - injected 'jvmti_is_in_VTMS_transition' 'Z' @59  false (0x00)
 - private volatile 'name' 'Ljava/lang/String;' @60  "main"{0x000000008801d7e0} (0x8801d7e0)
 - private volatile 'contextClassLoader' 'Ljava/lang/ClassLoader;' @64  a 'jdk/internal/loader/ClassLoaders$AppClassLoader'{0x000000008814b758} (0x8814b758)
 - private final 'holder' 'Ljava/lang/Thread$FieldHolder;' @68  a 'java/lang/Thread$FieldHolder'{0x000000008801d810} (0x8801d810)
 - 'threadLocals' 'Ljava/lang/ThreadLocal$ThreadLocalMap;' @72  a 'java/lang/ThreadLocal$ThreadLocalMap'{0x000000008801d838} (0x8801d838)
 - 'inheritableThreadLocals' 'Ljava/lang/ThreadLocal$ThreadLocalMap;' @76  null (0x00000000)
 - private 'scopedValueBindings' 'Ljava/lang/Object;' @80  a 'java/lang/Class'{0x00000000ffe7c280} = 'java/lang/Thread' (0xffe7c280)
 - final 'interruptLock' 'Ljava/lang/Object;' @84  a 'java/lang/Object'{0x000000008801da50} (0x8801da50)
 - private volatile 'parkBlocker' 'Ljava/lang/Object;' @88  null (0x00000000)
 - private 'nioBlocker' 'Lsun/nio/ch/Interruptible;' @92  null (0x00000000)
 - private 'cont' 'Ljdk/internal/vm/Continuation;' @96  null (0x00000000)
 - private volatile 'uncaughtExceptionHandler' 'Ljava/lang/Thread$UncaughtExceptionHandler;' @100  null (0x00000000)
 - private 'container' 'Ljdk/internal/vm/ThreadContainer;' @104  null (0x00000000)
 - private volatile 'headStackableScopes' 'Ljdk/internal/vm/StackableScope;' @108  null (0x00000000)
R10=0x00007ffc31449fc0 jvm.dll
R11=0x0000000000000004 is an unknown value
R12=0x00000081184ff450 is pointing into the stack for thread: 0x000001feb0eedcf0
R13=0x000001fef6d82a00 points into unknown readable memory: 0x00007ffc313ba510 | 10 a5 3b 31 fc 7f 00 00
R14=0x000001feb0eee0b8 points into unknown readable memory: 0x00007ffc313b17b0 | b0 17 3b 31 fc 7f 00 00
R15=0x000001feb0eee0b8 points into unknown readable memory: 0x00007ffc313b17b0 | b0 17 3b 31 fc 7f 00 00

Top of Stack: (sp=0x00000081184ff2e0)
0x00000081184ff2e0:   00000081184ff450 000001fef69d60c0   P.O......`......
0x00000081184ff2f0:   0000000000000000 000001feb0eee440   ........@.......
0x00000081184ff300:   0000000000000020 00007ffc3dc32b9b    ........+.=....
0x00000081184ff310:   0000000000000000 000001feb0eee0b8   ................
0x00000081184ff320:   00000081184ff401 0000000000000000   ..O.............
0x00000081184ff330:   000001fef6983210 00007ffc3dc317f4   .2.........=....
0x00000081184ff340:   0000000000000000 0000000000000020   ........ .......
0x00000081184ff350:   0000000000000000 0000000000000020   ........ .......
0x00000081184ff360:   0000000e00000000 000001fef6f8b4c0   ................
0x00000081184ff370:   000001fef6983210 000001fef6983290   .2.......2......
0x00000081184ff380:   000001fef69832b8 00000000000006f0   .2..............
0x00000081184ff390:   0000000000000000 0000000000000000   ................
0x00000081184ff3a0:   0000000000000000 00007ffc30c158e4   .........X.0....
0x00000081184ff3b0:   00007ffc3dd74ca0 00000000000024ec   .L.=.....$......
0x00000081184ff3c0:   00007ffc3dd74ca0 00000000ffffffff   .L.=............
0x00000081184ff3d0:   0000000000000000 00007ffc3dc3206a   ........j .=....
0x00000081184ff3e0:   000001feb0eee0b8 0000000000000000   ................
0x00000081184ff3f0:   00000081184ff459 000001fef6d82a00   Y.O......*......
0x00000081184ff400:   0000000000000003 0000000000000048   ........H.......
0x00000081184ff410:   0000000800800310 0000000000000020   ........ .......
0x00000081184ff420:   000001feb0eee0b8 00007ffc3dd74ca0   .........L.=....
0x00000081184ff430:   000001feb0ee8a30 000001fef6c09550   0.......P.......
0x00000081184ff440:   0000000800800390 000001feb0eee0b8   ................
0x00000081184ff450:   000001fef61e7570 000001fef61e7970   pu......py......
0x00000081184ff460:   000001fef61e7970 00007ffc3dd74ca0   py.......L.=....
0x00000081184ff470:   00000081184ff5e8 000001fe92700000   ..O.......p.....
0x00000081184ff480:   00000081184ff720 0000000000008840    .O.....@.......
0x00000081184ff490:   00000081184ff900 00007ffc3dd74cf0   ..O......L.=....
0x00000081184ff4a0:   0000000000989680 0000000000989680   ................
0x00000081184ff4b0:   00000081184ff5c0 00007ffc3dc2cc21   ..O.....!..=....
0x00000081184ff4c0:   00007ffc3dd74ca0 00007ffc3dd74cf8   .L.=.....L.=....
0x00000081184ff4d0:   00007ffc00000000 00007ffc00000001   ................

Instructions: (pc=0x00007ffc3dc326c4)
  0x00007ffc3dc325c4:   cc cc cc cc cc cc cc cc cc cc cc cc cc cc cc cc
  0x00007ffc3dc325d4:   cc cc cc cc cc cc cc cc cc cc cc cc cc cc cc cc
  0x00007ffc3dc325e4:   cc cc cc cc cc cc cc cc cc cc cc cc cc cc cc cc
  0x00007ffc3dc325f4:   cc cc cc cc cc cc cc cc cc cc cc cc cc cc cc cc
  0x00007ffc3dc32604:   cc cc cc cc cc cc cc cc cc cc cc cc cc cc cc cc
  0x00007ffc3dc32614:   cc cc cc cc cc cc cc cc cc cc cc cc cc cc cc cc
  0x00007ffc3dc32624:   cc cc cc cc cc cc cc cc cc cc cc cc cc cc cc cc
  0x00007ffc3dc32634:   cc cc cc cc cc cc cc cc cc cc cc cc cc cc cc cc
  0x00007ffc3dc32644:   cc cc cc cc cc cc cc cc cc cc cc cc 40 57 48 83
  0x00007ffc3dc32654:   ec 20 48 8b f9 48 8b 0d 10 28 14 00 48 85 c9 74
  0x00007ffc3dc32664:   20 48 8b 01 48 8d 54 24 38 41 b8 06 00 01 00 4c
  0x00007ffc3dc32674:   8b 48 30 41 ff d1 85 c0 75 07 48 8b 4c 24 38 eb
  0x00007ffc3dc32684:   02 33 c9 4c 8b 05 ea 28 14 00 48 89 5c 24 30 4d
  0x00007ffc3dc32694:   85 c0 74 4a 48 8b 01 48 8b d7 4c 8b 88 28 03 00
  0x00007ffc3dc326a4:   00 41 ff d1 48 85 c0 74 35 48 63 0d f8 e6 13 00
  0x00007ffc3dc326b4:   48 8b 14 01 48 85 d2 74 15 48 63 05 fc e6 13 00
=>0x00007ffc3dc326c4:   8b 04 10 48 8b 5c 24 30 48 83 c4 20 5f c3 b8 ff
  0x00007ffc3dc326d4:   ff ff ff 48 8b 5c 24 30 48 83 c4 20 5f c3 80 3d
  0x00007ffc3dc326e4:   9b 27 14 00 00 bb ff ff ff ff 74 20 4c 8b 0d 31
  0x00007ffc3dc326f4:   24 14 00 4c 8d 44 24 38 48 8b 0d 15 24 14 00 48
  0x00007ffc3dc32704:   8b d7 41 ff d1 85 c0 0f 44 5c 24 38 8b c3 48 8b
  0x00007ffc3dc32714:   5c 24 30 48 83 c4 20 5f c3 cc cc cc cc cc cc cc
  0x00007ffc3dc32724:   cc cc cc cc cc cc cc cc cc cc cc cc cc cc cc cc
  0x00007ffc3dc32734:   cc cc cc cc cc cc cc cc cc cc cc cc cc cc cc cc
  0x00007ffc3dc32744:   cc cc cc cc cc cc cc cc cc cc cc cc 48 89 54 24
  0x00007ffc3dc32754:   10 53 55 56 57 41 56 41 57 48 83 ec 28 48 8b f2
  0x00007ffc3dc32764:   4c 8b f1 48 89 4c 24 78 45 33 ff 44 89 7c 24 68
  0x00007ffc3dc32774:   c7 44 24 60 01 00 00 00 48 8d 4c 24 68 e8 ed 42
  0x00007ffc3dc32784:   f7 ff 8b d8 48 8d 4c 24 60 e8 e1 42 f7 ff 8b e8
  0x00007ffc3dc32794:   49 8b ce e8 00 fc f6 ff 48 8b f8 90 8b c3 f0 0f
  0x00007ffc3dc327a4:   b1 2f 74 04 f3 90 eb f4 4c 89 3e 4c 89 7e 08 4c
  0x00007ffc3dc327b4:   89 7e 10 49 8b 6e 08 4d 8b 76 10 49 3b ee 0f 84


Stack slot to memory mapping:

stack at sp + 0 slots: 0x00000081184ff450 is pointing into the stack for thread: 0x000001feb0eedcf0
stack at sp + 1 slots: 0x000001fef69d60c0 points into unknown readable memory: 0x000000008801cab8 | b8 ca 01 88 00 00 00 00
stack at sp + 2 slots: 0x0 is null
stack at sp + 3 slots: 0x000001feb0eee440 points into unknown readable memory: 0x6e616c2e6176616a | 6a 61 76 61 2e 6c 61 6e
stack at sp + 4 slots: 0x0000000000000020 is an unknown value
stack at sp + 5 slots: 0x00007ffc3dc32b9b libasyncProfiler.dll
stack at sp + 6 slots: 0x0 is null
stack at sp + 7 slots: 0x000001feb0eee0b8 points into unknown readable memory: 0x00007ffc313b17b0 | b0 17 3b 31 fc 7f 00 00

Lock stack of current Java thread (top to bottom):


---------------  P R O C E S S  ---------------

Threads class SMR info:
_java_thread_list=0x000001fef7042800, length=19, elements={
0x000001fe948ff760, 0x000001feb0ee4180, 0x000001feb0ee8de0, 0x000001feb0eece70,
0x000001feb0eedcf0, 0x000001feb0eeefc0, 0x000001feb0ef0290, 0x000001feb0ef8610,
0x000001feb0ef6500, 0x000001fef608af00, 0x000001fef61c8770, 0x000001fef61c9870,
0x000001fef6d750a0, 0x000001fef6d45600, 0x000001fef6d50990, 0x000001fef6c52a60,
0x000001fef6f40150, 0x000001fef7678130, 0x000001fef7678880
}

Java Threads: ( => current thread )
  0x000001fe948ff760 JavaThread "main"                              [_thread_in_native, id=5864, stack(0x0000008117900000,0x0000008117a00000) (1024K)]
  0x000001feb0ee4180 JavaThread "Reference Handler"          daemon [_thread_blocked, id=8132, stack(0x0000008118100000,0x0000008118200000) (1024K)]
  0x000001feb0ee8de0 JavaThread "Finalizer"                  daemon [_thread_blocked, id=9124, stack(0x0000008118200000,0x0000008118300000) (1024K)]
  0x000001feb0eece70 JavaThread "Signal Dispatcher"          daemon [_thread_blocked, id=11000, stack(0x0000008118300000,0x0000008118400000) (1024K)]
=>0x000001feb0eedcf0 JavaThread "Attach Listener"            daemon [_thread_in_native, id=864, stack(0x0000008118400000,0x0000008118500000) (1024K)]
  0x000001feb0eeefc0 JavaThread "Service Thread"             daemon [_thread_blocked, id=968, stack(0x0000008118500000,0x0000008118600000) (1024K)]
  0x000001feb0ef0290 JavaThread "Monitor Deflation Thread"   daemon [_thread_blocked, id=3816, stack(0x0000008118600000,0x0000008118700000) (1024K)]
  0x000001feb0ef8610 JavaThread "C2 CompilerThread0"         daemon [_thread_in_native, id=6900, stack(0x0000008118700000,0x0000008118800000) (1024K)]
  0x000001feb0ef6500 JavaThread "C1 CompilerThread0"         daemon [_thread_blocked, id=10044, stack(0x0000008118800000,0x0000008118900000) (1024K)]
  0x000001fef608af00 JavaThread "Common-Cleaner"             daemon [_thread_blocked, id=3860, stack(0x0000008118900000,0x0000008118a00000) (1024K)]
  0x000001fef61c8770 JavaThread "Monitor Ctrl-Break"         daemon [_thread_in_native, id=2384, stack(0x0000008118a00000,0x0000008118b00000) (1024K)]
  0x000001fef61c9870 JavaThread "Notification Thread"        daemon [_thread_blocked, id=7796, stack(0x0000008118b00000,0x0000008118c00000) (1024K)]
  0x000001fef6d750a0 JavaThread "RMI TCP Accept-0"           daemon [_thread_in_native, id=7692, stack(0x0000008118d00000,0x0000008118e00000) (1024K)]
  0x000001fef6d45600 JavaThread "RMI Scheduler(0)"           daemon [_thread_blocked, id=5456, stack(0x0000008118f00000,0x0000008119000000) (1024K)]
  0x000001fef6d50990 JavaThread "JMX server connection timeout 29" daemon [_thread_blocked, id=3852, stack(0x0000008119000000,0x0000008119100000) (1024K)]
  0x000001fef6c52a60 JavaThread "RMI TCP Connection(3)-192.168.31.38" daemon [_thread_in_native, id=10976, stack(0x0000008117700000,0x0000008117800000) (1024K)]
  0x000001fef6f40150 JavaThread "C2 CompilerThread1"         daemon [_thread_blocked, id=6808, stack(0x0000008118c00000,0x0000008118d00000) (1024K)]
  0x000001fef7678130 JavaThread "JFR Recorder Thread"        daemon [_thread_in_native, id=4604, stack(0x0000008118e00000,0x0000008118f00000) (1024K)]
  0x000001fef7678880 JavaThread "JFR Periodic Tasks"         daemon [_thread_blocked, id=1776, stack(0x0000008119400000,0x0000008119500000) (1024K)]
Total: 19

Other Threads:
  0x000001feb0d905d0 VMThread "VM Thread"                           [id=5548, stack(0x0000008118000000,0x0000008118100000) (1024K)]
  0x000001feb0ec5760 WatcherThread "VM Periodic Task Thread"        [id=9492, stack(0x0000008117f00000,0x0000008118000000) (1024K)]
  0x000001fe949552f0 WorkerThread "GC Thread#0"                     [id=11932, stack(0x0000008117a00000,0x0000008117b00000) (1024K)]
  0x000001fef6f4abd0 WorkerThread "GC Thread#1"                     [id=7224, stack(0x0000008119100000,0x0000008119200000) (1024K)]
  0x000001fef6f4c1f0 WorkerThread "GC Thread#2"                     [id=9576, stack(0x0000008119200000,0x0000008119300000) (1024K)]
  0x000001fef6f4d0b0 WorkerThread "GC Thread#3"                     [id=7320, stack(0x0000008119300000,0x0000008119400000) (1024K)]
  0x000001fe94969fd0 ConcurrentGCThread "G1 Main Marker"            [id=8772, stack(0x0000008117b00000,0x0000008117c00000) (1024K)]
  0x000001fe9496c410 WorkerThread "G1 Conc#0"                       [id=3196, stack(0x0000008117c00000,0x0000008117d00000) (1024K)]
  0x000001fe949bdec0 ConcurrentGCThread "G1 Refine#0"               [id=8036, stack(0x0000008117d00000,0x0000008117e00000) (1024K)]
  0x000001fe949bea40 ConcurrentGCThread "G1 Service"                [id=6412, stack(0x0000008117e00000,0x0000008117f00000) (1024K)]
Total: 10

Threads with active compile tasks:
C2 CompilerThread0  377071 2358       4       jdk.jfr.internal.MetadataWriter::write (168 bytes)
Total: 1

VM state: not at safepoint (normal execution)

VM Mutex/Monitor currently owned by a thread: None

Heap address: 0x0000000082000000, size: 2016 MB, Compressed Oops mode: 32-bit

CDS archive(s) mapped at: [0x000001feb1000000-0x000001feb1d40000-0x000001feb1d40000), size 13893632, SharedBaseAddress: 0x000001feb1000000, ArchiveRelocationMode: 1.
Compressed class space mapped at: 0x000001feb2000000-0x000001fef2000000, reserved size: 1073741824
UseCompressedClassPointers 1, UseCompactObjectHeaders 0
Narrow klass pointer bits 32, Max shift 3
Narrow klass base: 0x000001feb1000000, Narrow klass shift: 0
Encoding Range: [0x000001feb1000000 - 0x000001ffb1000000), (4294967296 bytes)
Klass Range:    [0x000001feb1000000 - 0x000001fef2000000), (1090519040 bytes)
Klass ID Range:  [8 - 1090519033) (1090519025)

GC Precious Log:
 CardTable entry size: 512
 Card Set container configuration: InlinePtr #cards 5 size 8 Array Of Cards #cards 10 size 36 Howl #buckets 4 coarsen threshold 1843 Howl Bitmap #cards 512 size 80 coarsen threshold 460 Card regions per heap region 1 cards per card region 2048
 CPUs: 4 total, 4 available
 Memory: 8057M
 Large Page Support: Disabled
 NUMA Support: Disabled
 Compressed Oops: Enabled (32-bit)
 Heap Region Size: 1M
 Heap Min Capacity: 8M
 Heap Initial Capacity: 126M
 Heap Max Capacity: 2016M
 Pre-touch: Disabled
 Parallel Workers: 4
 Concurrent Workers: 1
 Concurrent Refinement Workers: 4
 Periodic GC: Disabled

Heap:
 garbage-first heap   total reserved 2064384K, committed 131072K, used 13083K [0x0000000082000000, 0x0000000100000000)
  region size 1024K, 13 young (13312K), 4 survivors (4096K)
 Metaspace       used 8279K, committed 8576K, reserved 1114112K
  class space    used 735K, committed 896K, reserved 1048576K

Heap Regions: E=young(eden), S=young(survivor), O=old, HS=humongous(starts), HC=humongous(continues), CS=collection set, F=free, TAMS=top-at-mark-start, PB=parsable bottom
|   0|0x0000000082000000, 0x0000000082000000, 0x0000000082100000|  0%| F|  |TAMS 0x0000000082000000| PB 0x0000000082000000| Untracked |  0
|   1|0x0000000082100000, 0x0000000082100000, 0x0000000082200000|  0%| F|  |TAMS 0x0000000082100000| PB 0x0000000082100000| Untracked |  0
|   2|0x0000000082200000, 0x0000000082200000, 0x0000000082300000|  0%| F|  |TAMS 0x0000000082200000| PB 0x0000000082200000| Untracked |  0
|   3|0x0000000082300000, 0x0000000082300000, 0x0000000082400000|  0%| F|  |TAMS 0x0000000082300000| PB 0x0000000082300000| Untracked |  0
|   4|0x0000000082400000, 0x0000000082400000, 0x0000000082500000|  0%| F|  |TAMS 0x0000000082400000| PB 0x0000000082400000| Untracked |  0
|   5|0x0000000082500000, 0x0000000082500000, 0x0000000082600000|  0%| F|  |TAMS 0x0000000082500000| PB 0x0000000082500000| Untracked |  0
|   6|0x0000000082600000, 0x0000000082600000, 0x0000000082700000|  0%| F|  |TAMS 0x0000000082600000| PB 0x0000000082600000| Untracked |  0
|   7|0x0000000082700000, 0x0000000082700000, 0x0000000082800000|  0%| F|  |TAMS 0x0000000082700000| PB 0x0000000082700000| Untracked |  0
|   8|0x0000000082800000, 0x0000000082800000, 0x0000000082900000|  0%| F|  |TAMS 0x0000000082800000| PB 0x0000000082800000| Untracked |  0
|   9|0x0000000082900000, 0x0000000082900000, 0x0000000082a00000|  0%| F|  |TAMS 0x0000000082900000| PB 0x0000000082900000| Untracked |  0
|  10|0x0000000082a00000, 0x0000000082a00000, 0x0000000082b00000|  0%| F|  |TAMS 0x0000000082a00000| PB 0x0000000082a00000| Untracked |  0
|  11|0x0000000082b00000, 0x0000000082b00000, 0x0000000082c00000|  0%| F|  |TAMS 0x0000000082b00000| PB 0x0000000082b00000| Untracked |  0
|  12|0x0000000082c00000, 0x0000000082c00000, 0x0000000082d00000|  0%| F|  |TAMS 0x0000000082c00000| PB 0x0000000082c00000| Untracked |  0
|  13|0x0000000082d00000, 0x0000000082d00000, 0x0000000082e00000|  0%| F|  |TAMS 0x0000000082d00000| PB 0x0000000082d00000| Untracked |  0
|  14|0x0000000082e00000, 0x0000000082e00000, 0x0000000082f00000|  0%| F|  |TAMS 0x0000000082e00000| PB 0x0000000082e00000| Untracked |  0
|  15|0x0000000082f00000, 0x0000000082f00000, 0x0000000083000000|  0%| F|  |TAMS 0x0000000082f00000| PB 0x0000000082f00000| Untracked |  0
|  16|0x0000000083000000, 0x0000000083000000, 0x0000000083100000|  0%| F|  |TAMS 0x0000000083000000| PB 0x0000000083000000| Untracked |  0
|  17|0x0000000083100000, 0x0000000083100000, 0x0000000083200000|  0%| F|  |TAMS 0x0000000083100000| PB 0x0000000083100000| Untracked |  0
|  18|0x0000000083200000, 0x0000000083200000, 0x0000000083300000|  0%| F|  |TAMS 0x0000000083200000| PB 0x0000000083200000| Untracked |  0
|  19|0x0000000083300000, 0x0000000083300000, 0x0000000083400000|  0%| F|  |TAMS 0x0000000083300000| PB 0x0000000083300000| Untracked |  0
|  20|0x0000000083400000, 0x0000000083400000, 0x0000000083500000|  0%| F|  |TAMS 0x0000000083400000| PB 0x0000000083400000| Untracked |  0
|  21|0x0000000083500000, 0x0000000083500000, 0x0000000083600000|  0%| F|  |TAMS 0x0000000083500000| PB 0x0000000083500000| Untracked |  0
|  22|0x0000000083600000, 0x0000000083600000, 0x0000000083700000|  0%| F|  |TAMS 0x0000000083600000| PB 0x0000000083600000| Untracked |  0
|  23|0x0000000083700000, 0x0000000083700000, 0x0000000083800000|  0%| F|  |TAMS 0x0000000083700000| PB 0x0000000083700000| Untracked |  0
|  24|0x0000000083800000, 0x0000000083800000, 0x0000000083900000|  0%| F|  |TAMS 0x0000000083800000| PB 0x0000000083800000| Untracked |  0
|  25|0x0000000083900000, 0x0000000083900000, 0x0000000083a00000|  0%| F|  |TAMS 0x0000000083900000| PB 0x0000000083900000| Untracked |  0
|  26|0x0000000083a00000, 0x0000000083a00000, 0x0000000083b00000|  0%| F|  |TAMS 0x0000000083a00000| PB 0x0000000083a00000| Untracked |  0
|  27|0x0000000083b00000, 0x0000000083b00000, 0x0000000083c00000|  0%| F|  |TAMS 0x0000000083b00000| PB 0x0000000083b00000| Untracked |  0
|  28|0x0000000083c00000, 0x0000000083c00000, 0x0000000083d00000|  0%| F|  |TAMS 0x0000000083c00000| PB 0x0000000083c00000| Untracked |  0
|  29|0x0000000083d00000, 0x0000000083d00000, 0x0000000083e00000|  0%| F|  |TAMS 0x0000000083d00000| PB 0x0000000083d00000| Untracked |  0
|  30|0x0000000083e00000, 0x0000000083e00000, 0x0000000083f00000|  0%| F|  |TAMS 0x0000000083e00000| PB 0x0000000083e00000| Untracked |  0
|  31|0x0000000083f00000, 0x0000000083f00000, 0x0000000084000000|  0%| F|  |TAMS 0x0000000083f00000| PB 0x0000000083f00000| Untracked |  0
|  32|0x0000000084000000, 0x0000000084000000, 0x0000000084100000|  0%| F|  |TAMS 0x0000000084000000| PB 0x0000000084000000| Untracked |  0
|  33|0x0000000084100000, 0x0000000084100000, 0x0000000084200000|  0%| F|  |TAMS 0x0000000084100000| PB 0x0000000084100000| Untracked |  0
|  34|0x0000000084200000, 0x0000000084200000, 0x0000000084300000|  0%| F|  |TAMS 0x0000000084200000| PB 0x0000000084200000| Untracked |  0
|  35|0x0000000084300000, 0x0000000084300000, 0x0000000084400000|  0%| F|  |TAMS 0x0000000084300000| PB 0x0000000084300000| Untracked |  0
|  36|0x0000000084400000, 0x0000000084400000, 0x0000000084500000|  0%| F|  |TAMS 0x0000000084400000| PB 0x0000000084400000| Untracked |  0
|  37|0x0000000084500000, 0x0000000084500000, 0x0000000084600000|  0%| F|  |TAMS 0x0000000084500000| PB 0x0000000084500000| Untracked |  0
|  38|0x0000000084600000, 0x0000000084600000, 0x0000000084700000|  0%| F|  |TAMS 0x0000000084600000| PB 0x0000000084600000| Untracked |  0
|  39|0x0000000084700000, 0x0000000084700000, 0x0000000084800000|  0%| F|  |TAMS 0x0000000084700000| PB 0x0000000084700000| Untracked |  0
|  40|0x0000000084800000, 0x0000000084800000, 0x0000000084900000|  0%| F|  |TAMS 0x0000000084800000| PB 0x0000000084800000| Untracked |  0
|  41|0x0000000084900000, 0x0000000084900000, 0x0000000084a00000|  0%| F|  |TAMS 0x0000000084900000| PB 0x0000000084900000| Untracked |  0
|  42|0x0000000084a00000, 0x0000000084a00000, 0x0000000084b00000|  0%| F|  |TAMS 0x0000000084a00000| PB 0x0000000084a00000| Untracked |  0
|  43|0x0000000084b00000, 0x0000000084b00000, 0x0000000084c00000|  0%| F|  |TAMS 0x0000000084b00000| PB 0x0000000084b00000| Untracked |  0
|  44|0x0000000084c00000, 0x0000000084c00000, 0x0000000084d00000|  0%| F|  |TAMS 0x0000000084c00000| PB 0x0000000084c00000| Untracked |  0
|  45|0x0000000084d00000, 0x0000000084d00000, 0x0000000084e00000|  0%| F|  |TAMS 0x0000000084d00000| PB 0x0000000084d00000| Untracked |  0
|  46|0x0000000084e00000, 0x0000000084e00000, 0x0000000084f00000|  0%| F|  |TAMS 0x0000000084e00000| PB 0x0000000084e00000| Untracked |  0
|  47|0x0000000084f00000, 0x0000000084f00000, 0x0000000085000000|  0%| F|  |TAMS 0x0000000084f00000| PB 0x0000000084f00000| Untracked |  0
|  48|0x0000000085000000, 0x0000000085000000, 0x0000000085100000|  0%| F|  |TAMS 0x0000000085000000| PB 0x0000000085000000| Untracked |  0
|  49|0x0000000085100000, 0x0000000085100000, 0x0000000085200000|  0%| F|  |TAMS 0x0000000085100000| PB 0x0000000085100000| Untracked |  0
|  50|0x0000000085200000, 0x0000000085200000, 0x0000000085300000|  0%| F|  |TAMS 0x0000000085200000| PB 0x0000000085200000| Untracked |  0
|  51|0x0000000085300000, 0x0000000085300000, 0x0000000085400000|  0%| F|  |TAMS 0x0000000085300000| PB 0x0000000085300000| Untracked |  0
|  52|0x0000000085400000, 0x0000000085400000, 0x0000000085500000|  0%| F|  |TAMS 0x0000000085400000| PB 0x0000000085400000| Untracked |  0
|  53|0x0000000085500000, 0x0000000085500000, 0x0000000085600000|  0%| F|  |TAMS 0x0000000085500000| PB 0x0000000085500000| Untracked |  0
|  54|0x0000000085600000, 0x0000000085600000, 0x0000000085700000|  0%| F|  |TAMS 0x0000000085600000| PB 0x0000000085600000| Untracked |  0
|  55|0x0000000085700000, 0x0000000085700000, 0x0000000085800000|  0%| F|  |TAMS 0x0000000085700000| PB 0x0000000085700000| Untracked |  0
|  56|0x0000000085800000, 0x0000000085800000, 0x0000000085900000|  0%| F|  |TAMS 0x0000000085800000| PB 0x0000000085800000| Untracked |  0
|  57|0x0000000085900000, 0x0000000085900000, 0x0000000085a00000|  0%| F|  |TAMS 0x0000000085900000| PB 0x0000000085900000| Untracked |  0
|  58|0x0000000085a00000, 0x0000000085a00000, 0x0000000085b00000|  0%| F|  |TAMS 0x0000000085a00000| PB 0x0000000085a00000| Untracked |  0
|  59|0x0000000085b00000, 0x0000000085b00000, 0x0000000085c00000|  0%| F|  |TAMS 0x0000000085b00000| PB 0x0000000085b00000| Untracked |  0
|  60|0x0000000085c00000, 0x0000000085c00000, 0x0000000085d00000|  0%| F|  |TAMS 0x0000000085c00000| PB 0x0000000085c00000| Untracked |  0
|  61|0x0000000085d00000, 0x0000000085d00000, 0x0000000085e00000|  0%| F|  |TAMS 0x0000000085d00000| PB 0x0000000085d00000| Untracked |  0
|  62|0x0000000085e00000, 0x0000000085e00000, 0x0000000085f00000|  0%| F|  |TAMS 0x0000000085e00000| PB 0x0000000085e00000| Untracked |  0
|  63|0x0000000085f00000, 0x0000000085f00000, 0x0000000086000000|  0%| F|  |TAMS 0x0000000085f00000| PB 0x0000000085f00000| Untracked |  0
|  64|0x0000000086000000, 0x0000000086000000, 0x0000000086100000|  0%| F|  |TAMS 0x0000000086000000| PB 0x0000000086000000| Untracked |  0
|  65|0x0000000086100000, 0x0000000086100000, 0x0000000086200000|  0%| F|  |TAMS 0x0000000086100000| PB 0x0000000086100000| Untracked |  0
|  66|0x0000000086200000, 0x0000000086200000, 0x0000000086300000|  0%| F|  |TAMS 0x0000000086200000| PB 0x0000000086200000| Untracked |  0
|  67|0x0000000086300000, 0x0000000086300000, 0x0000000086400000|  0%| F|  |TAMS 0x0000000086300000| PB 0x0000000086300000| Untracked |  0
|  68|0x0000000086400000, 0x0000000086400000, 0x0000000086500000|  0%| F|  |TAMS 0x0000000086400000| PB 0x0000000086400000| Untracked |  0
|  69|0x0000000086500000, 0x0000000086500000, 0x0000000086600000|  0%| F|  |TAMS 0x0000000086500000| PB 0x0000000086500000| Untracked |  0
|  70|0x0000000086600000, 0x0000000086600000, 0x0000000086700000|  0%| F|  |TAMS 0x0000000086600000| PB 0x0000000086600000| Untracked |  0
|  71|0x0000000086700000, 0x0000000086700000, 0x0000000086800000|  0%| F|  |TAMS 0x0000000086700000| PB 0x0000000086700000| Untracked |  0
|  72|0x0000000086800000, 0x0000000086800000, 0x0000000086900000|  0%| F|  |TAMS 0x0000000086800000| PB 0x0000000086800000| Untracked |  0
|  73|0x0000000086900000, 0x0000000086900000, 0x0000000086a00000|  0%| F|  |TAMS 0x0000000086900000| PB 0x0000000086900000| Untracked |  0
|  74|0x0000000086a00000, 0x0000000086a00000, 0x0000000086b00000|  0%| F|  |TAMS 0x0000000086a00000| PB 0x0000000086a00000| Untracked |  0
|  75|0x0000000086b00000, 0x0000000086b00000, 0x0000000086c00000|  0%| F|  |TAMS 0x0000000086b00000| PB 0x0000000086b00000| Untracked |  0
|  76|0x0000000086c00000, 0x0000000086c00000, 0x0000000086d00000|  0%| F|  |TAMS 0x0000000086c00000| PB 0x0000000086c00000| Untracked |  0
|  77|0x0000000086d00000, 0x0000000086d00000, 0x0000000086e00000|  0%| F|  |TAMS 0x0000000086d00000| PB 0x0000000086d00000| Untracked |  0
|  78|0x0000000086e00000, 0x0000000086e00000, 0x0000000086f00000|  0%| F|  |TAMS 0x0000000086e00000| PB 0x0000000086e00000| Untracked |  0
|  79|0x0000000086f00000, 0x0000000086f00000, 0x0000000087000000|  0%| F|  |TAMS 0x0000000086f00000| PB 0x0000000086f00000| Untracked |  0
|  80|0x0000000087000000, 0x0000000087000000, 0x0000000087100000|  0%| F|  |TAMS 0x0000000087000000| PB 0x0000000087000000| Untracked |  0
|  81|0x0000000087100000, 0x0000000087100000, 0x0000000087200000|  0%| F|  |TAMS 0x0000000087100000| PB 0x0000000087100000| Untracked |  0
|  82|0x0000000087200000, 0x0000000087200000, 0x0000000087300000|  0%| F|  |TAMS 0x0000000087200000| PB 0x0000000087200000| Untracked |  0
|  83|0x0000000087300000, 0x0000000087300000, 0x0000000087400000|  0%| F|  |TAMS 0x0000000087300000| PB 0x0000000087300000| Untracked |  0
|  84|0x0000000087400000, 0x0000000087400000, 0x0000000087500000|  0%| F|  |TAMS 0x0000000087400000| PB 0x0000000087400000| Untracked |  0
|  85|0x0000000087500000, 0x0000000087500000, 0x0000000087600000|  0%| F|  |TAMS 0x0000000087500000| PB 0x0000000087500000| Untracked |  0
|  86|0x0000000087600000, 0x0000000087600000, 0x0000000087700000|  0%| F|  |TAMS 0x0000000087600000| PB 0x0000000087600000| Untracked |  0
|  87|0x0000000087700000, 0x0000000087700000, 0x0000000087800000|  0%| F|  |TAMS 0x0000000087700000| PB 0x0000000087700000| Untracked |  0
|  88|0x0000000087800000, 0x0000000087800000, 0x0000000087900000|  0%| F|  |TAMS 0x0000000087800000| PB 0x0000000087800000| Untracked |  0
|  89|0x0000000087900000, 0x0000000087900000, 0x0000000087a00000|  0%| F|  |TAMS 0x0000000087900000| PB 0x0000000087900000| Untracked |  0
|  90|0x0000000087a00000, 0x0000000087a00000, 0x0000000087b00000|  0%| F|  |TAMS 0x0000000087a00000| PB 0x0000000087a00000| Untracked |  0
|  91|0x0000000087b00000, 0x0000000087b00000, 0x0000000087c00000|  0%| F|  |TAMS 0x0000000087b00000| PB 0x0000000087b00000| Untracked |  0
|  92|0x0000000087c00000, 0x0000000087c00000, 0x0000000087d00000|  0%| F|  |TAMS 0x0000000087c00000| PB 0x0000000087c00000| Untracked |  0
|  93|0x0000000087d00000, 0x0000000087d00000, 0x0000000087e00000|  0%| F|  |TAMS 0x0000000087d00000| PB 0x0000000087d00000| Untracked |  0
|  94|0x0000000087e00000, 0x0000000087eaaa80, 0x0000000087f00000| 66%| S|CS|TAMS 0x0000000087e00000| PB 0x0000000087e00000| Complete |  0
|  95|0x0000000087f00000, 0x0000000088000000, 0x0000000088000000|100%| S|CS|TAMS 0x0000000087f00000| PB 0x0000000087f00000| Complete |  0
|  96|0x0000000088000000, 0x0000000088100000, 0x0000000088100000|100%| S|CS|TAMS 0x0000000088000000| PB 0x0000000088000000| Complete |  0
|  97|0x0000000088100000, 0x0000000088200000, 0x0000000088200000|100%| S|CS|TAMS 0x0000000088100000| PB 0x0000000088100000| Complete |  0
|  98|0x0000000088200000, 0x0000000088200000, 0x0000000088300000|  0%| F|  |TAMS 0x0000000088200000| PB 0x0000000088200000| Untracked |  0
|  99|0x0000000088300000, 0x0000000088300000, 0x0000000088400000|  0%| F|  |TAMS 0x0000000088300000| PB 0x0000000088300000| Untracked |  0
| 100|0x0000000088400000, 0x0000000088400000, 0x0000000088500000|  0%| F|  |TAMS 0x0000000088400000| PB 0x0000000088400000| Untracked |  0
| 101|0x0000000088500000, 0x0000000088500000, 0x0000000088600000|  0%| F|  |TAMS 0x0000000088500000| PB 0x0000000088500000| Untracked |  0
| 102|0x0000000088600000, 0x0000000088600000, 0x0000000088700000|  0%| F|  |TAMS 0x0000000088600000| PB 0x0000000088600000| Untracked |  0
| 103|0x0000000088700000, 0x0000000088700000, 0x0000000088800000|  0%| F|  |TAMS 0x0000000088700000| PB 0x0000000088700000| Untracked |  0
| 104|0x0000000088800000, 0x0000000088800000, 0x0000000088900000|  0%| F|  |TAMS 0x0000000088800000| PB 0x0000000088800000| Untracked |  0
| 105|0x0000000088900000, 0x0000000088900000, 0x0000000088a00000|  0%| F|  |TAMS 0x0000000088900000| PB 0x0000000088900000| Untracked |  0
| 106|0x0000000088a00000, 0x0000000088a00000, 0x0000000088b00000|  0%| F|  |TAMS 0x0000000088a00000| PB 0x0000000088a00000| Untracked |  0
| 107|0x0000000088b00000, 0x0000000088b00000, 0x0000000088c00000|  0%| F|  |TAMS 0x0000000088b00000| PB 0x0000000088b00000| Untracked |  0
| 108|0x0000000088c00000, 0x0000000088c00000, 0x0000000088d00000|  0%| F|  |TAMS 0x0000000088c00000| PB 0x0000000088c00000| Untracked |  0
| 109|0x0000000088d00000, 0x0000000088d00000, 0x0000000088e00000|  0%| F|  |TAMS 0x0000000088d00000| PB 0x0000000088d00000| Untracked |  0
| 110|0x0000000088e00000, 0x0000000088e00000, 0x0000000088f00000|  0%| F|  |TAMS 0x0000000088e00000| PB 0x0000000088e00000| Untracked |  0
| 111|0x0000000088f00000, 0x0000000088f00000, 0x0000000089000000|  0%| F|  |TAMS 0x0000000088f00000| PB 0x0000000088f00000| Untracked |  0
| 112|0x0000000089000000, 0x0000000089000000, 0x0000000089100000|  0%| F|  |TAMS 0x0000000089000000| PB 0x0000000089000000| Untracked |  0
| 113|0x0000000089100000, 0x0000000089100000, 0x0000000089200000|  0%| F|  |TAMS 0x0000000089100000| PB 0x0000000089100000| Untracked |  0
| 114|0x0000000089200000, 0x0000000089200000, 0x0000000089300000|  0%| F|  |TAMS 0x0000000089200000| PB 0x0000000089200000| Untracked |  0
| 115|0x0000000089300000, 0x0000000089300000, 0x0000000089400000|  0%| F|  |TAMS 0x0000000089300000| PB 0x0000000089300000| Untracked |  0
| 116|0x0000000089400000, 0x0000000089400000, 0x0000000089500000|  0%| F|  |TAMS 0x0000000089400000| PB 0x0000000089400000| Untracked |  0
| 117|0x0000000089500000, 0x00000000895500a0, 0x0000000089600000| 31%| E|  |TAMS 0x0000000089500000| PB 0x0000000089500000| Complete |  0
| 118|0x0000000089600000, 0x0000000089700000, 0x0000000089700000|100%| E|CS|TAMS 0x0000000089600000| PB 0x0000000089600000| Complete |  0
| 119|0x0000000089700000, 0x0000000089800000, 0x0000000089800000|100%| E|CS|TAMS 0x0000000089700000| PB 0x0000000089700000| Complete |  0
| 120|0x0000000089800000, 0x0000000089900000, 0x0000000089900000|100%| E|CS|TAMS 0x0000000089800000| PB 0x0000000089800000| Complete |  0
| 121|0x0000000089900000, 0x0000000089a00000, 0x0000000089a00000|100%| E|CS|TAMS 0x0000000089900000| PB 0x0000000089900000| Complete |  0
| 122|0x0000000089a00000, 0x0000000089b00000, 0x0000000089b00000|100%| E|CS|TAMS 0x0000000089a00000| PB 0x0000000089a00000| Complete |  0
| 123|0x0000000089b00000, 0x0000000089c00000, 0x0000000089c00000|100%| E|CS|TAMS 0x0000000089b00000| PB 0x0000000089b00000| Complete |  0
| 124|0x0000000089c00000, 0x0000000089d00000, 0x0000000089d00000|100%| E|CS|TAMS 0x0000000089c00000| PB 0x0000000089c00000| Complete |  0
| 125|0x0000000089d00000, 0x0000000089e00000, 0x0000000089e00000|100%| E|CS|TAMS 0x0000000089d00000| PB 0x0000000089d00000| Complete |  0
|2014|0x00000000ffe00000, 0x00000000fff00000, 0x00000000fff00000|100%| O|  |TAMS 0x00000000ffe00000| PB 0x00000000ffe00000| Untracked |  0
|2015|0x00000000fff00000, 0x00000000fff1c348, 0x0000000100000000| 11%| O|  |TAMS 0x00000000fff00000| PB 0x00000000fff00000| Untracked |  0

Card table byte_map: [0x000001feac590000,0x000001feac980000] _byte_map_base: 0x000001feac180000

Marking Bits: (CMBitMap*) 0x000001fe94955a00
 Bits: [0x000001feac980000, 0x000001feae900000)

Polling page: 0x000001fe92990000

Metaspace:

Usage:
  Non-class:      7.37 MB used.
      Class:    735.96 KB used.
       Both:      8.09 MB used.

Virtual space:
  Non-class space:       64.00 MB reserved,       7.50 MB ( 12%) committed,  1 nodes.
      Class space:        1.00 GB reserved,     896.00 KB ( <1%) committed,  1 nodes.
             Both:        1.06 GB reserved,       8.38 MB ( <1%) committed. 

Chunk freelists:
   Non-Class:  8.44 MB
       Class:  15.18 MB
        Both:  23.62 MB

MaxMetaspaceSize: unlimited
CompressedClassSpaceSize: 1.00 GB
Initial GC threshold: 21.00 MB
Current GC threshold: 21.00 MB
CDS: on
 - commit_granule_bytes: 65536.
 - commit_granule_words: 8192.
 - virtual_space_node_default_size: 8388608.
 - enlarge_chunks_in_place: 1.
UseCompressedClassPointers 1, UseCompactObjectHeaders 0
Narrow klass pointer bits 32, Max shift 3
Narrow klass base: 0x000001feb1000000, Narrow klass shift: 0
Encoding Range: [0x000001feb1000000 - 0x000001ffb1000000), (4294967296 bytes)
Klass Range:    [0x000001feb1000000 - 0x000001fef2000000), (1090519040 bytes)
Klass ID Range:  [8 - 1090519033) (1090519025)


Internal statistics:

num_allocs_failed_limit: 0.
num_arena_births: 218.
num_arena_deaths: 0.
num_vsnodes_births: 2.
num_vsnodes_deaths: 0.
num_space_committed: 134.
num_space_uncommitted: 0.
num_chunks_returned_to_freelist: 0.
num_chunks_taken_from_freelist: 313.
num_chunk_merges: 0.
num_chunk_splits: 174.
num_chunks_enlarged: 49.
num_inconsistent_stats: 0.

CodeHeap 'non-profiled nmethods': size=120064Kb used=816Kb max_used=816Kb free=119247Kb
 bounds [0x000001fea4c60000, 0x000001fea4ed0000, 0x000001feac1a0000]
CodeHeap 'profiled nmethods': size=120000Kb used=3711Kb max_used=3711Kb free=116288Kb
 bounds [0x000001fe9d1a0000, 0x000001fe9d540000, 0x000001fea46d0000]
CodeHeap 'non-nmethods': size=5696Kb used=1338Kb max_used=1434Kb free=4357Kb
 bounds [0x000001fea46d0000, 0x000001fea4940000, 0x000001fea4c60000]
CodeCache: size=245760Kb, used=5865Kb, max_used=5961Kb, free=239892Kb
 total_blobs=2889, nmethods=2384, adapters=410, full_count=0
Compilation: enabled, stopped_count=0, restarted_count=0

Compilation events (20 events):
Event: 376.764 Thread 0x000001feb0ef6500 nmethod 2378 0x000001fea4d27108 code [0x000001fea4d27200, 0x000001fea4d272c8]
Event: 376.764 Thread 0x000001feb0ef6500 2379       1       jdk.jfr.internal.EventControl::getNamedControls (5 bytes)
Event: 376.764 Thread 0x000001feb0ef6500 nmethod 2379 0x000001fea4d27408 code [0x000001fea4d27500, 0x000001fea4d275c8]
Event: 376.764 Thread 0x000001feb0ef6500 2380       1       jdk.jfr.internal.PlatformEventType::isEnabled (5 bytes)
Event: 376.764 Thread 0x000001feb0ef6500 nmethod 2380 0x000001fea4d27708 code [0x000001fea4d27800, 0x000001fea4d278c8]
Event: 376.764 Thread 0x000001feb0ef6500 2381   !   3       jdk.jfr.internal.Control::setValue (102 bytes)
Event: 376.766 Thread 0x000001feb0ef6500 nmethod 2381 0x000001fe9d53bc08 code [0x000001fe9d53bea0, 0x000001fe9d53d2d0]
Event: 376.772 Thread 0x000001feb0ef6500 2382       1       jdk.jfr.internal.periodic.EventTask::getEventType (5 bytes)
Event: 376.772 Thread 0x000001feb0ef6500 nmethod 2382 0x000001fea4d27a08 code [0x000001fea4d27b00, 0x000001fea4d27bc8]
Event: 376.772 Thread 0x000001feb0ef6500 2383       3       java.lang.invoke.InnerClassLambdaMetafactory::methodDesc (45 bytes)
Event: 376.775 Thread 0x000001feb0ef6500 nmethod 2383 0x000001fe9d53d388 code [0x000001fe9d53d680, 0x000001fe9d53f350]
Event: 376.775 Thread 0x000001feb0ef6500 2384       1       jdk.jfr.internal.periodic.PeriodicTask::getPeriod (5 bytes)
Event: 376.775 Thread 0x000001feb0ef6500 nmethod 2384 0x000001fea4d27d08 code [0x000001fea4d27e00, 0x000001fea4d27ec8]
Event: 376.775 Thread 0x000001feb0ef6500 2385       3       java.util.Comparator$$Lambda/0x000001feb20e2930::compare (10 bytes)
Event: 376.776 Thread 0x000001feb0ef6500 nmethod 2385 0x000001fe9d53f408 code [0x000001fe9d53f560, 0x000001fe9d53f9d0]
Event: 376.776 Thread 0x000001feb0ef6500 2386       3       java.util.Comparator::lambda$comparingLong$6043328a$1 (18 bytes)
Event: 376.776 Thread 0x000001feb0ef6500 nmethod 2386 0x000001fe9d53fa08 code [0x000001fe9d53fb60, 0x000001fe9d53ff40]
Event: 376.799 Thread 0x000001fef6f40150 nmethod 2351 0x000001fea4d28008 code [0x000001fea4d28360, 0x000001fea4d2bdf8]
Event: 376.799 Thread 0x000001fef6f40150 2367       4       java.lang.String::startsWith (7 bytes)
Event: 376.809 Thread 0x000001fef6f40150 nmethod 2367 0x000001fea4d2bf08 code [0x000001fea4d2c020, 0x000001fea4d2c2b0]

GC Heap History (2 events):
Event: 376.465 GC heap before
{Heap before GC invocations=0 (full 0):
 garbage-first heap   total reserved 2064384K, committed 131072K, used 29808K [0x0000000082000000, 0x0000000100000000)
  region size 1024K, 28 young (28672K), 0 survivors (0K)
 Metaspace       used 7601K, committed 7808K, reserved 1114112K
  class space    used 660K, committed 768K, reserved 1048576K
}
Event: 376.474 GC heap after
{Heap after GC invocations=1 (full 0):
 garbage-first heap   total reserved 2064384K, committed 131072K, used 4891K [0x0000000082000000, 0x0000000100000000)
  region size 1024K, 4 young (4096K), 4 survivors (4096K)
 Metaspace       used 7601K, committed 7808K, reserved 1114112K
  class space    used 660K, committed 768K, reserved 1048576K
}

Dll operation events (12 events):
Event: 0.034 Loaded shared library C:\Users\Lenovo\.jdks\openjdk-24\bin\java.dll
Event: 0.120 Loaded shared library C:\Users\Lenovo\.jdks\openjdk-24\bin\jsvml.dll
Event: 0.216 Loaded shared library C:\Users\Lenovo\.jdks\openjdk-24\bin\zip.dll
Event: 0.221 Loaded shared library C:\Users\Lenovo\.jdks\openjdk-24\bin\instrument.dll
Event: 0.236 Loaded shared library C:\Users\Lenovo\.jdks\openjdk-24\bin\net.dll
Event: 0.248 Loaded shared library C:\Users\Lenovo\.jdks\openjdk-24\bin\nio.dll
Event: 0.261 Loaded shared library C:\Users\Lenovo\.jdks\openjdk-24\bin\zip.dll
Event: 0.286 Loaded shared library C:\Users\Lenovo\.jdks\openjdk-24\bin\jimage.dll
Event: 0.359 Loaded shared library C:\Users\Lenovo\.jdks\openjdk-24\bin\extnet.dll
Event: 0.423 Loaded shared library C:\Users\Lenovo\.jdks\openjdk-24\bin\management.dll
Event: 0.443 Loaded shared library C:\Users\Lenovo\.jdks\openjdk-24\bin\management_ext.dll
Event: 376.308 Loaded shared library C:\Users\Lenovo\AppData\Local\Temp\idea_libasyncProfiler_dll_temp_folder\libasyncProfiler.dll

Deoptimization events (20 events):
Event: 376.475 Thread 0x000001feb0eedcf0 Uncommon trap: trap_request=0xffffff4d fr.pc=0x000001fea4cb97ac relative=0x00000000000000ac
Event: 376.475 Thread 0x000001feb0eedcf0 Uncommon trap: reason=unstable_if action=reinterpret pc=0x000001fea4cb97ac method=java.lang.ref.SoftReference.get()Ljava/lang/Object; @ 17 c2
Event: 376.475 Thread 0x000001feb0eedcf0 DEOPT PACKING pc=0x000001fea4cb97ac sp=0x00000081184fd910
Event: 376.475 Thread 0x000001feb0eedcf0 DEOPT UNPACKING pc=0x000001fea47e4102 sp=0x00000081184fd8a0 mode 2
Event: 376.479 Thread 0x000001feb0eedcf0 Uncommon trap: trap_request=0xffffff4d fr.pc=0x000001fea4cba958 relative=0x0000000000000058
Event: 376.479 Thread 0x000001feb0eedcf0 Uncommon trap: reason=unstable_if action=reinterpret pc=0x000001fea4cba958 method=java.lang.ref.ReferenceQueue.poll()Ljava/lang/ref/Reference; @ 4 c2
Event: 376.479 Thread 0x000001feb0eedcf0 DEOPT PACKING pc=0x000001fea4cba958 sp=0x00000081184fcff0
Event: 376.479 Thread 0x000001feb0eedcf0 DEOPT UNPACKING pc=0x000001fea47e4102 sp=0x00000081184fcf60 mode 2
Event: 376.617 Thread 0x000001feb0eedcf0 Uncommon trap: trap_request=0xffffff4d fr.pc=0x000001fea4ce8318 relative=0x0000000000000338
Event: 376.617 Thread 0x000001feb0eedcf0 Uncommon trap: reason=unstable_if action=reinterpret pc=0x000001fea4ce8318 method=java.util.concurrent.ConcurrentHashMap.get(Ljava/lang/Object;)Ljava/lang/Object; @ 76 c2
Event: 376.617 Thread 0x000001feb0eedcf0 DEOPT PACKING pc=0x000001fea4ce8318 sp=0x00000081184fe560
Event: 376.617 Thread 0x000001feb0eedcf0 DEOPT UNPACKING pc=0x000001fea47e4102 sp=0x00000081184fe4d8 mode 2
Event: 376.633 Thread 0x000001feb0eedcf0 Uncommon trap: trap_request=0xffffffcc fr.pc=0x000001fea4d166f4 relative=0x00000000000003b4
Event: 376.633 Thread 0x000001feb0eedcf0 Uncommon trap: reason=intrinsic_or_type_checked_inlining action=make_not_entrant pc=0x000001fea4d166f4 method=java.util.Arrays.copyOf([Ljava/lang/Object;ILjava/lang/Class;)[Ljava/lang/Object; @ 35 c2
Event: 376.633 Thread 0x000001feb0eedcf0 DEOPT PACKING pc=0x000001fea4d166f4 sp=0x00000081184fe6c0
Event: 376.633 Thread 0x000001feb0eedcf0 DEOPT UNPACKING pc=0x000001fea47e4102 sp=0x00000081184fe650 mode 2
Event: 376.740 Thread 0x000001feb0eedcf0 Uncommon trap: trap_request=0xffffff4d fr.pc=0x000001fea4d23468 relative=0x00000000000003c8
Event: 376.740 Thread 0x000001feb0eedcf0 Uncommon trap: reason=unstable_if action=reinterpret pc=0x000001fea4d23468 method=java.io.ByteArrayOutputStream.ensureCapacity(I)V @ 11 c2
Event: 376.740 Thread 0x000001feb0eedcf0 DEOPT PACKING pc=0x000001fea4d23468 sp=0x00000081184fea10
Event: 376.740 Thread 0x000001feb0eedcf0 DEOPT UNPACKING pc=0x000001fea47e4102 sp=0x00000081184fe8f0 mode 2

Classes loaded (20 events):
Event: 376.712 Loading class jdk/jfr/internal/MetadataWriter
Event: 376.713 Loading class jdk/jfr/internal/MetadataWriter done
Event: 376.713 Loading class jdk/jfr/internal/MetadataDescriptor$Element
Event: 376.713 Loading class jdk/jfr/internal/MetadataDescriptor$Element done
Event: 376.714 Loading class jdk/jfr/internal/MetadataDescriptor$Attribute
Event: 376.714 Loading class jdk/jfr/internal/MetadataDescriptor$Attribute done
Event: 376.733 Loading class jdk/jfr/internal/consumer/StringParser$Encoding
Event: 376.733 Loading class jdk/jfr/internal/consumer/StringParser$Encoding done
Event: 376.753 Loading class jdk/jfr/internal/consumer/RepositoryFiles
Event: 376.754 Loading class jdk/jfr/internal/consumer/RepositoryFiles done
Event: 376.756 Loading class jdk/jfr/internal/SettingsManager$InternalSetting
Event: 376.756 Loading class jdk/jfr/internal/SettingsManager$InternalSetting done
Event: 376.760 Loading class jdk/jfr/internal/util/Rate
Event: 376.760 Loading class jdk/jfr/internal/util/Rate done
Event: 376.760 Loading class jdk/jfr/internal/util/TimespanUnit
Event: 376.761 Loading class jdk/jfr/internal/util/TimespanUnit done
Event: 376.761 Loading class jdk/jfr/internal/util/ValueParser
Event: 376.761 Loading class jdk/jfr/internal/util/ValueParser done
Event: 376.765 Loading class jdk/jfr/internal/periodic/PeriodicType
Event: 376.765 Loading class jdk/jfr/internal/periodic/PeriodicType done

Classes unloaded (0 events):
No events

Classes redefined (0 events):
No events

Internal exceptions (20 events):
Event: 1.090 Thread 0x000001fef6d7d600 Exception <a 'java/lang/NoSuchMethodError'{0x0000000088e2efb0}: 'java.lang.Object java.lang.invoke.DirectMethodHandle$Holder.invokeStatic(java.lang.Object, java.lang.Object, java.lang.Object, java.lang.Object, java.lang.Object, java.lang.Object, java.lang.Object, java.lang.Object, java.lang.Object)'> (0x0000000088e2efb0) 
thrown [s\open\src\hotspot\share\interpreter\linkResolver.cpp, line 805]
Event: 1.092 Thread 0x000001fef6d7d600 Exception <a 'java/lang/NoSuchMethodError'{0x0000000088e42460}: 'java.lang.Object java.lang.invoke.Invokers$Holder.invokeExact_MT(java.lang.Object, java.lang.Object, java.lang.Object, java.lang.Object, java.lang.Object, java.lang.Object)'> (0x0000000088e42460) 
thrown [s\open\src\hotspot\share\interpreter\linkResolver.cpp, line 805]
Event: 1.096 Thread 0x000001fef6d7d600 Exception <a 'java/lang/NoSuchMethodError'{0x0000000088e4e1a0}: 'java.lang.Object java.lang.invoke.DirectMethodHandle$Holder.invokeInterface(java.lang.Object, java.lang.Object, java.lang.Object, java.lang.Object, java.lang.Object)'> (0x0000000088e4e1a0) 
thrown [s\open\src\hotspot\share\interpreter\linkResolver.cpp, line 805]
Event: 1.107 Thread 0x000001fef6d7d600 Exception <a 'java/lang/NoSuchMethodError'{0x0000000088e998a8}: 'double java.lang.invoke.DirectMethodHandle$Holder.invokeInterface(java.lang.Object, java.lang.Object)'> (0x0000000088e998a8) 
thrown [s\open\src\hotspot\share\interpreter\linkResolver.cpp, line 805]
Event: 1.109 Thread 0x000001fef6d7d600 Exception <a 'java/lang/NoSuchMethodError'{0x0000000088eaa518}: 'double java.lang.invoke.DelegatingMethodHandle$Holder.reinvoke_L(java.lang.Object, java.lang.Object)'> (0x0000000088eaa518) 
thrown [s\open\src\hotspot\share\interpreter\linkResolver.cpp, line 805]
Event: 1.388 Thread 0x000001fef6d7d600 Exception <a 'java/lang/NoSuchMethodError'{0x0000000088ed2148}: 'long java.lang.invoke.DirectMethodHandle$Holder.invokeVirtual(java.lang.Object, java.lang.Object)'> (0x0000000088ed2148) 
thrown [s\open\src\hotspot\share\interpreter\linkResolver.cpp, line 805]
Event: 1.389 Thread 0x000001fef6d7d600 Exception <a 'java/lang/NoSuchMethodError'{0x0000000088eda438}: 'java.lang.Object java.lang.invoke.DirectMethodHandle$Holder.invokeStatic(java.lang.Object, long)'> (0x0000000088eda438) 
thrown [s\open\src\hotspot\share\interpreter\linkResolver.cpp, line 805]
Event: 1.391 Thread 0x000001fef6d7d600 Exception <a 'java/lang/NoSuchMethodError'{0x0000000088eea4e0}: 'long java.lang.invoke.DelegatingMethodHandle$Holder.reinvoke_L(java.lang.Object, java.lang.Object)'> (0x0000000088eea4e0) 
thrown [s\open\src\hotspot\share\interpreter\linkResolver.cpp, line 805]
Event: 376.362 Thread 0x000001feb0eedcf0 Implicit null exception at 0x000001fea4cdf8d9 to 0x000001fea4ce059c
Event: 376.362 Thread 0x000001feb0eedcf0 Implicit null exception at 0x000001fea4c8b69d to 0x000001fea4c8b719
Event: 376.378 Thread 0x000001feb0eedcf0 Exception <a 'java/lang/NoSuchMethodError'{0x00000000883383a8}: 'void java.lang.invoke.DirectMethodHandle$Holder.invokeStaticInit(java.lang.Object)'> (0x00000000883383a8) 
thrown [s\open\src\hotspot\share\interpreter\linkResolver.cpp, line 805]
Event: 376.391 Thread 0x000001feb0eedcf0 Exception <a 'java/lang/NoSuchMethodError'{0x0000000088397888}: 'java.lang.Object java.lang.invoke.DirectMethodHandle$Holder.newInvokeSpecial(java.lang.Object, java.lang.Object, java.lang.Object, java.lang.Object, java.lang.Object)'> (0x0000000088397888) 
thrown [s\open\src\hotspot\share\interpreter\linkResolver.cpp, line 805]
Event: 376.481 Thread 0x000001feb0eedcf0 Exception <a 'java/lang/NoSuchMethodError'{0x0000000089d2cb50}: 'int java.lang.invoke.DirectMethodHandle$Holder.invokeStatic(java.lang.Object, java.lang.Object, java.lang.Object, java.lang.Object)'> (0x0000000089d2cb50) 
thrown [s\open\src\hotspot\share\interpreter\linkResolver.cpp, line 805]
Event: 376.687 Thread 0x000001feb0eedcf0 Exception <a 'java/lang/NoSuchMethodError'{0x000000008995d160}: 'void java.lang.invoke.DirectMethodHandle$Holder.invokeSpecial(java.lang.Object, java.lang.Object, int)'> (0x000000008995d160) 
thrown [s\open\src\hotspot\share\interpreter\linkResolver.cpp, line 805]
Event: 376.687 Thread 0x000001feb0eedcf0 Exception <a 'java/lang/NoSuchMethodError'{0x0000000089964d80}: 'void java.lang.invoke.Invokers$Holder.invokeExact_MT(java.lang.Object, int, java.lang.Object)'> (0x0000000089964d80) 
thrown [s\open\src\hotspot\share\interpreter\linkResolver.cpp, line 805]
Event: 376.691 Thread 0x000001feb0eedcf0 Exception <a 'java/lang/NoSuchMethodError'{0x000000008997f5e0}: 'void java.lang.invoke.DirectMethodHandle$Holder.invokeStatic(java.lang.Object, java.lang.Object, int)'> (0x000000008997f5e0) 
thrown [s\open\src\hotspot\share\interpreter\linkResolver.cpp, line 805]
Event: 376.693 Thread 0x000001feb0eedcf0 Exception <a 'java/lang/NoSuchMethodError'{0x000000008998e4e8}: 'java.lang.Object java.lang.invoke.DirectMethodHandle$Holder.newInvokeSpecial(java.lang.Object, java.lang.Object, int)'> (0x000000008998e4e8) 
thrown [s\open\src\hotspot\share\interpreter\linkResolver.cpp, line 805]
Event: 376.700 Thread 0x000001feb0eedcf0 Exception <a 'sun/nio/fs/WindowsException'{0x00000000899f8fa0}> (0x00000000899f8fa0) 
thrown [s\open\src\hotspot\share\prims\jni.cpp, line 518]
Event: 376.704 Thread 0x000001feb0eedcf0 Exception <a 'sun/nio/fs/WindowsException'{0x0000000089806010}> (0x0000000089806010) 
thrown [s\open\src\hotspot\share\prims\jni.cpp, line 518]
Event: 376.709 Thread 0x000001feb0eedcf0 Exception <a 'sun/nio/fs/WindowsException'{0x0000000089817e28}> (0x0000000089817e28) 
thrown [s\open\src\hotspot\share\prims\jni.cpp, line 518]

VM Operations (20 events):
Event: 0.184 Executing VM operation: HandshakeAllThreads (Deoptimize)
Event: 0.184 Executing VM operation: HandshakeAllThreads (Deoptimize) done
Event: 0.303 Executing VM operation: HandshakeAllThreads (Deoptimize)
Event: 0.306 Executing VM operation: HandshakeAllThreads (Deoptimize) done
Event: 0.861 Executing VM operation: HandshakeAllThreads (Deoptimize)
Event: 0.861 Executing VM operation: HandshakeAllThreads (Deoptimize) done
Event: 0.969 Executing VM operation: HandshakeAllThreads (Deoptimize)
Event: 0.969 Executing VM operation: HandshakeAllThreads (Deoptimize) done
Event: 1.045 Executing VM operation: HandshakeAllThreads (Deoptimize)
Event: 1.045 Executing VM operation: HandshakeAllThreads (Deoptimize) done
Event: 60.268 Executing VM operation: HandshakeAllThreads (HandshakeForDeflation)
Event: 60.268 Executing VM operation: HandshakeAllThreads (HandshakeForDeflation) done
Event: 60.268 Executing VM operation: RendezvousGCThreads
Event: 60.268 Executing VM operation: RendezvousGCThreads done
Event: 376.465 Executing VM operation: G1CollectForAllocation (G1 Evacuation Pause)
Event: 376.474 Executing VM operation: G1CollectForAllocation (G1 Evacuation Pause) done
Event: 376.695 Executing VM operation: HandshakeAllThreads (Deoptimize)
Event: 376.695 Executing VM operation: HandshakeAllThreads (Deoptimize) done
Event: 376.754 Executing VM operation: JFRSafepointClear
Event: 376.754 Executing VM operation: JFRSafepointClear done

Memory protections (0 events):
No events

Nmethod flushes (0 events):
No events

Events (20 events):
Event: 0.117 Thread 0x000001fe948ff760 Thread added: 0x000001feb0eeefc0
Event: 0.117 Thread 0x000001fe948ff760 Thread added: 0x000001feb0ef0290
Event: 0.117 Thread 0x000001fe948ff760 Thread added: 0x000001feb0ef8610
Event: 0.118 Thread 0x000001fe948ff760 Thread added: 0x000001feb0ef6500
Event: 0.168 Thread 0x000001fe948ff760 Thread added: 0x000001fef608af00
Event: 0.287 Thread 0x000001fe948ff760 Thread added: 0x000001fef61c8770
Event: 0.288 Thread 0x000001fe948ff760 Thread added: 0x000001fef61c9870
Event: 0.768 Thread 0x000001feb0ef6500 Thread added: 0x000001fef61d65d0
Event: 0.982 Thread 0x000001feb0eedcf0 Thread added: 0x000001fef6d750a0
Event: 1.007 Thread 0x000001fef6d750a0 Thread added: 0x000001fef6d7d600
Event: 1.034 Thread 0x000001fef6d7d600 Thread added: 0x000001fef6d45600
Event: 1.043 Thread 0x000001fef6d7d600 Thread added: 0x000001fef6d50990
Event: 1.385 Thread 0x000001fef61d65d0 Thread exited: 0x000001fef61d65d0
Event: 121.063 Thread 0x000001fef6d750a0 Thread added: 0x000001fef6c52a60
Event: 256.071 Thread 0x000001fef6d7d600 Thread exited: 0x000001fef6d7d600
Event: 301.057 Thread 0x000001fef6d750a0 Thread added: 0x000001fef613b780
Event: 376.253 Thread 0x000001fef613b780 Thread exited: 0x000001fef613b780
Event: 376.339 Thread 0x000001feb0ef6500 Thread added: 0x000001fef6f40150
Event: 376.375 Thread 0x000001feb0eedcf0 Thread added: 0x000001fef7678130
Event: 376.693 Thread 0x000001feb0eedcf0 Thread added: 0x000001fef7678880


Dynamic libraries:
0x00007ff6fbbd0000 - 0x00007ff6fbbde000 	C:\Users\Lenovo\.jdks\openjdk-24\bin\java.exe
0x00007ffc600b0000 - 0x00007ffc602a8000 	C:\WINDOWS\SYSTEM32\ntdll.dll
0x00007ffc5f890000 - 0x00007ffc5f952000 	C:\WINDOWS\System32\KERNEL32.DLL
0x00007ffc5dc70000 - 0x00007ffc5df66000 	C:\WINDOWS\System32\KERNELBASE.dll
0x00007ffc5a990000 - 0x00007ffc5aa24000 	C:\WINDOWS\SYSTEM32\apphelp.dll
0x00007ffc5d740000 - 0x00007ffc5d840000 	C:\WINDOWS\System32\ucrtbase.dll
0x00007ffc53190000 - 0x00007ffc531ab000 	C:\Users\Lenovo\.jdks\openjdk-24\bin\VCRUNTIME140.dll
0x00007ffc461c0000 - 0x00007ffc461d6000 	C:\Users\Lenovo\.jdks\openjdk-24\bin\jli.dll
0x00007ffc5fd40000 - 0x00007ffc5fedd000 	C:\WINDOWS\System32\USER32.dll
0x00007ffc51910000 - 0x00007ffc51baa000 	C:\WINDOWS\WinSxS\amd64_microsoft.windows.common-controls_6595b64144ccf1df_6.0.19041.4355_none_60b8b9eb71f62e16\COMCTL32.dll
0x00007ffc5da90000 - 0x00007ffc5dab2000 	C:\WINDOWS\System32\win32u.dll
0x00007ffc5eaf0000 - 0x00007ffc5eb8e000 	C:\WINDOWS\System32\msvcrt.dll
0x00007ffc5e180000 - 0x00007ffc5e1ab000 	C:\WINDOWS\System32\GDI32.dll
0x00007ffc5d970000 - 0x00007ffc5da8a000 	C:\WINDOWS\System32\gdi32full.dll
0x00007ffc5dac0000 - 0x00007ffc5db5d000 	C:\WINDOWS\System32\msvcp_win.dll
0x00007ffc5ecc0000 - 0x00007ffc5ecef000 	C:\WINDOWS\System32\IMM32.DLL
0x00007ffc5add0000 - 0x00007ffc5addc000 	C:\Users\Lenovo\.jdks\openjdk-24\bin\vcruntime140_1.dll
0x00007ffc42280000 - 0x00007ffc4230e000 	C:\Users\Lenovo\.jdks\openjdk-24\bin\msvcp140.dll
0x00007ffc30780000 - 0x00007ffc31522000 	C:\Users\Lenovo\.jdks\openjdk-24\bin\server\jvm.dll
0x00007ffc5f7e0000 - 0x00007ffc5f88f000 	C:\WINDOWS\System32\ADVAPI32.dll
0x00007ffc5f960000 - 0x00007ffc5f9ff000 	C:\WINDOWS\System32\sechost.dll
0x00007ffc5fa70000 - 0x00007ffc5fb93000 	C:\WINDOWS\System32\RPCRT4.dll
0x00007ffc5db60000 - 0x00007ffc5db87000 	C:\WINDOWS\System32\bcrypt.dll
0x00007ffc5fc00000 - 0x00007ffc5fc6b000 	C:\WINDOWS\System32\WS2_32.dll
0x00007ffc5d2b0000 - 0x00007ffc5d2fb000 	C:\WINDOWS\SYSTEM32\POWRPROF.dll
0x00007ffc52400000 - 0x00007ffc52427000 	C:\WINDOWS\SYSTEM32\WINMM.dll
0x00007ffc52ed0000 - 0x00007ffc52eda000 	C:\WINDOWS\SYSTEM32\VERSION.dll
0x00007ffc5d290000 - 0x00007ffc5d2a2000 	C:\WINDOWS\SYSTEM32\UMPDC.dll
0x00007ffc5b5c0000 - 0x00007ffc5b5d2000 	C:\WINDOWS\SYSTEM32\kernel.appcore.dll
0x00007ffc55c40000 - 0x00007ffc55c4a000 	C:\Users\Lenovo\.jdks\openjdk-24\bin\jimage.dll
0x00007ffc56b00000 - 0x00007ffc56ce4000 	C:\WINDOWS\SYSTEM32\DBGHELP.DLL
0x00007ffc567b0000 - 0x00007ffc567e4000 	C:\WINDOWS\SYSTEM32\dbgcore.DLL
0x00007ffc5db90000 - 0x00007ffc5dc12000 	C:\WINDOWS\System32\bcryptPrimitives.dll
0x00007ffc55b00000 - 0x00007ffc55b0f000 	C:\Users\Lenovo\.jdks\openjdk-24\bin\instrument.dll
0x00007ffc461a0000 - 0x00007ffc461be000 	C:\Users\Lenovo\.jdks\openjdk-24\bin\java.dll
0x00007ffc5eb90000 - 0x00007ffc5ecbb000 	C:\WINDOWS\System32\ole32.dll
0x00007ffc5ed10000 - 0x00007ffc5f065000 	C:\WINDOWS\System32\combase.dll
0x00007ffc5f070000 - 0x00007ffc5f7df000 	C:\WINDOWS\System32\SHELL32.dll
0x00007ffc5b7c0000 - 0x00007ffc5bf63000 	C:\WINDOWS\SYSTEM32\windows.storage.dll
0x00007ffc5d100000 - 0x00007ffc5d12b000 	C:\WINDOWS\SYSTEM32\Wldp.dll
0x00007ffc5fc70000 - 0x00007ffc5fd3d000 	C:\WINDOWS\System32\OLEAUT32.dll
0x00007ffc5e0d0000 - 0x00007ffc5e17d000 	C:\WINDOWS\System32\SHCORE.dll
0x00007ffc5fa10000 - 0x00007ffc5fa65000 	C:\WINDOWS\System32\shlwapi.dll
0x00007ffc5d670000 - 0x00007ffc5d695000 	C:\WINDOWS\SYSTEM32\profapi.dll
0x00007ffc419e0000 - 0x00007ffc41ab7000 	C:\Users\Lenovo\.jdks\openjdk-24\bin\jsvml.dll
0x00007ffc42f60000 - 0x00007ffc42f77000 	C:\Users\Lenovo\.jdks\openjdk-24\bin\zip.dll
0x00007ffc4ca90000 - 0x00007ffc4caa0000 	C:\Users\Lenovo\.jdks\openjdk-24\bin\net.dll
0x00007ffc5ce00000 - 0x00007ffc5ce6c000 	C:\WINDOWS\system32\mswsock.dll
0x00007ffc42f40000 - 0x00007ffc42f56000 	C:\Users\Lenovo\.jdks\openjdk-24\bin\nio.dll
0x00007ffc48990000 - 0x00007ffc48999000 	C:\Users\Lenovo\.jdks\openjdk-24\bin\extnet.dll
0x00007ffc5cb20000 - 0x00007ffc5cbea000 	C:\WINDOWS\SYSTEM32\DNSAPI.dll
0x00007ffc5cae0000 - 0x00007ffc5cb1b000 	C:\WINDOWS\SYSTEM32\IPHLPAPI.DLL
0x00007ffc5fa00000 - 0x00007ffc5fa08000 	C:\WINDOWS\System32\NSI.dll
0x00007ffc541c0000 - 0x00007ffc541ca000 	C:\Windows\System32\rasadhlp.dll
0x00007ffc543b0000 - 0x00007ffc54430000 	C:\WINDOWS\System32\fwpuclnt.dll
0x00007ffc483f0000 - 0x00007ffc483fa000 	C:\Users\Lenovo\.jdks\openjdk-24\bin\management.dll
0x00007ffc475a0000 - 0x00007ffc475ab000 	C:\Users\Lenovo\.jdks\openjdk-24\bin\management_ext.dll
0x00007ffc5e920000 - 0x00007ffc5e928000 	C:\WINDOWS\System32\PSAPI.DLL
0x00007ffc5d050000 - 0x00007ffc5d068000 	C:\WINDOWS\SYSTEM32\CRYPTSP.dll
0x00007ffc5c720000 - 0x00007ffc5c758000 	C:\WINDOWS\system32\rsaenh.dll
0x00007ffc5d630000 - 0x00007ffc5d65e000 	C:\WINDOWS\SYSTEM32\USERENV.dll
0x00007ffc5d070000 - 0x00007ffc5d07c000 	C:\WINDOWS\SYSTEM32\CRYPTBASE.dll
0x00007ffc2a050000 - 0x00007ffc2a067000 	C:\WINDOWS\system32\napinsp.dll
0x00007ffc2a070000 - 0x00007ffc2a08b000 	C:\WINDOWS\system32\pnrpnsp.dll
0x00007ffc3c280000 - 0x00007ffc3c295000 	C:\WINDOWS\system32\wshbth.dll
0x00007ffc57e80000 - 0x00007ffc57e9d000 	C:\WINDOWS\system32\NLAapi.dll
0x00007ffc2a090000 - 0x00007ffc2a0a2000 	C:\WINDOWS\System32\winrnr.dll
0x00007ffc3dba0000 - 0x00007ffc3dd98000 	C:\Users\Lenovo\AppData\Local\Temp\idea_libasyncProfiler_dll_temp_folder\libasyncProfiler.dll

dbghelp: loaded successfully - version: 4.0.5 - missing functions: none
symbol engine: initialized successfully - sym options: 0x614 - pdb path: .;C:\Users\Lenovo\.jdks\openjdk-24\bin;C:\WINDOWS\SYSTEM32;C:\WINDOWS\WinSxS\amd64_microsoft.windows.common-controls_6595b64144ccf1df_6.0.19041.4355_none_60b8b9eb71f62e16;C:\Users\Lenovo\.jdks\openjdk-24\bin\server;C:\Users\Lenovo\AppData\Local\Temp\idea_libasyncProfiler_dll_temp_folder

VM Arguments:
jvm_args: -javaagent:C:\Users\Lenovo\Documents\ABHI\IntelliJ IDEA 2025.1\lib\idea_rt.jar=58620 -Dfile.encoding=UTF-8 -Dsun.stdout.encoding=UTF-8 -Dsun.stderr.encoding=UTF-8 
java_command: com.cognifyz.TextBasedGame
java_class_path (initial): C:\Users\Lenovo\Documents\ABHI\TextGame\target\classes
Launcher Type: SUN_STANDARD

[Global flags]
     intx CICompilerCount                          = 3                                         {product} {ergonomic}
     uint ConcGCThreads                            = 1                                         {product} {ergonomic}
     bool FlightRecorder                           = true                                      {product} {management}
     uint G1ConcRefinementThreads                  = 4                                         {product} {ergonomic}
   size_t G1HeapRegionSize                         = 1048576                                   {product} {ergonomic}
   size_t InitialHeapSize                          = 132120576                                 {product} {ergonomic}
   size_t MarkStackSize                            = 4194304                                   {product} {ergonomic}
   size_t MarkStackSizeMax                         = 536870912                                 {product} {ergonomic}
   size_t MaxHeapSize                              = 2113929216                                {product} {ergonomic}
   size_t MaxNewSize                               = 1267728384                                {product} {ergonomic}
   size_t MinHeapDeltaBytes                        = 1048576                                   {product} {ergonomic}
   size_t MinHeapSize                              = 8388608                                   {product} {ergonomic}
    uintx NonNMethodCodeHeapSize                   = 5832704                                {pd product} {ergonomic}
    uintx NonProfiledCodeHeapSize                  = 122945536                              {pd product} {ergonomic}
    uintx ProfiledCodeHeapSize                     = 122880000                              {pd product} {ergonomic}
    uintx ReservedCodeCacheSize                    = 251658240                              {pd product} {ergonomic}
     bool SegmentedCodeCache                       = true                                      {product} {ergonomic}
   size_t SoftMaxHeapSize                          = 2113929216                             {manageable} {ergonomic}
     bool UseCompressedOops                        = true                           {product lp64_product} {ergonomic}
     bool UseG1GC                                  = true                                      {product} {ergonomic}
     bool UseLargePagesIndividualAllocation        = false                                  {pd product} {ergonomic}

Logging:
Log output configuration:
 #0: stdout all=warning uptime,level,tags foldmultilines=false
 #1: stderr all=off uptime,level,tags foldmultilines=false

Environment Variables:
PATH=C:\Program Files\Google\Chrome\Application;C:\WINDOWS\system32;C:\WINDOWS;C:\WINDOWS\System32\Wbem;C:\WINDOWS\System32\WindowsPowerShell\v1.0\;C:\WINDOWS\System32\OpenSSH\;C:\Users\Lenovo\AppData\Local\Microsoft\WindowsApps;
USERNAME=Lenovo
OS=Windows_NT
PROCESSOR_IDENTIFIER=Intel64 Family 6 Model 58 Stepping 9, GenuineIntel
TMP=C:\Users\Lenovo\AppData\Local\Temp
TEMP=C:\Users\Lenovo\AppData\Local\Temp




Periodic native trim disabled

---------------  S Y S T E M  ---------------

OS:
 Windows 10 , 64 bit Build 19041 (10.0.19041.5678)
OS uptime: 5 days 7:28 hours

CPU: total 4 (initial active 4) (2 cores per cpu, 2 threads per core) family 6 model 58 stepping 9 microcode 0x21, cx8, cmov, fxsr, ht, mmx, sse, sse2, sse3, ssse3, sse4.1, sse4.2, popcnt, tsc, tscinvbit, avx, erms, clmul, vzeroupper, clflush, rdtscp, f16c
Processor Information for the first 4 processors :
  Max Mhz: 2500, Current Mhz: 2500, Mhz Limit: 2500

Memory: 4k page, system-wide physical 8057M (1597M free)
TotalPageFile size 9337M (AvailPageFile size 2624M)
current process WorkingSet (physical memory assigned to process): 113M, peak: 113M
current process commit charge ("private bytes"): 266M, peak: 266M

vm_info: OpenJDK 64-Bit Server VM (24+36-3646) for windows-amd64 JRE (24+36-3646), built on 2025-02-06T00:20:43Z with MS VC++ 17.6 (VS2022)

END.
